WARNING: EXTCODE CODE AREA DO NOT CONTAIN RELOCATED ADDRESSES.
THIS WILL BE REMEDIED IN A LATER RELEASE.
                        .module Assign34.c
                        .area text
--- 0000                   .dbfile M:\SYSC20~1\ASSIGN~2\3\Assign34.c
--- 0000                   .dbfunc e main _main fI
--- 0000           ;     boolDetect -> -5,x
--- 0000           ;      proximity -> -3,x
--- 0000           ;          speed -> -1,x
 402A            _main::
 402A  34                pshx
 402B  B775              tfr s,x
 402D  1B98              leas -8,sp
 402F                    .dbline -1
 402F                    .dbline 6
 402F            ; #include <stdio.h>
 402F            ; int collision_detection (char *speed, unsigned int *proximity);
 402F            ; void printInBinaryByte(char ByteValue);
 402F            ; void printInBinaryWord(unsigned int hexValue);
 402F            ; int main(void)
 402F            ; {
 402F                    .dbline 7
 402F            ;       char speed=0x30;
 402F  C630              ldab #48
 4031  6B1F              stab -1,x
 4033                    .dbline 8
 4033            ;       unsigned int proximity=0x8330;
 4033  CC8330            ldd #0x8330
 4036  6C1D              std -3,x
 4038                    .dbline 10
 4038            ;       int boolDetect;
 4038            ;       printf("speed:  ");
 4038  CC4325            ldd #L2
 403B  16477E            jsr _printf
 403E                    .dbline 11
 403E            ;       printInBinaryByte(speed);
 403E  E61F              ldab -1,x
 4040  87                clra
 4041  1642B5            jsr _printInBinaryByte
 4044                    .dbline 12
 4044            ;       printf("\n");
 4044  CC4323            ldd #L3
 4047  16477E            jsr _printf
 404A                    .dbline 13
 404A            ;       printf("proximity:  ");
 404A  CC4316            ldd #L4
 404D  16477E            jsr _printf
 4050                    .dbline 14
 4050            ;       printInBinaryWord(proximity);
 4050  EC1D              ldd -3,x
 4052  164259            jsr _printInBinaryWord
 4055                    .dbline 15
 4055            ;       printf("\n");
 4055  CC4323            ldd #L3
 4058  16477E            jsr _printf
 405B                    .dbline 16
 405B            ;       boolDetect=collision_detection(&speed,&proximity);
 405B  191D              leay -3,x
 405D  6D80              sty 0,sp
 405F  191F              leay -1,x
 4061  B7C6              xgdy
 4063  1641B5            jsr _collision_detection
 4066  6C1B              std -5,x
 4068                    .dbline 17
 4068            ;       printf("speed:  ");
 4068  CC4325            ldd #L2
 406B  16477E            jsr _printf
 406E                    .dbline 18
 406E            ;       printInBinaryByte(speed);
 406E  E61F              ldab -1,x
 4070  87                clra
 4071  1642B5            jsr _printInBinaryByte
 4074                    .dbline 19
 4074            ;       printf("\n");
 4074  CC4323            ldd #L3
 4077  16477E            jsr _printf
 407A                    .dbline 20
 407A            ;       printf("proximity:  ");
 407A  CC4316            ldd #L4
 407D  16477E            jsr _printf
 4080                    .dbline 21
 4080            ;       printInBinaryWord(proximity);
 4080  EC1D              ldd -3,x
 4082  164259            jsr _printInBinaryWord
 4085                    .dbline 22
 4085            ;       printf("\n");
 4085  CC4323            ldd #L3
 4088  16477E            jsr _printf
 408B                    .dbline 23
 408B            ;       printf("\n");
 408B  CC4323            ldd #L3
 408E  16477E            jsr _printf
 4091                    .dbline 25
 4091            ; 
 4091            ;       speed=0x30;
 4091  C630              ldab #48
 4093  6B1F              stab -1,x
 4095                    .dbline 26
 4095            ;       proximity=0x1320;
 4095  CC1320            ldd #4896
 4098  6C1D              std -3,x
 409A                    .dbline 27
 409A            ;       printf("speed:  ");
 409A  CC4325            ldd #L2
 409D  16477E            jsr _printf
 40A0                    .dbline 28
 40A0            ;       printInBinaryByte(speed);
 40A0  E61F              ldab -1,x
 40A2  87                clra
 40A3  1642B5            jsr _printInBinaryByte
 40A6                    .dbline 29
 40A6            ;       printf("\n");
 40A6  CC4323            ldd #L3
 40A9  16477E            jsr _printf
 40AC                    .dbline 30
 40AC            ;       printf("proximity:  ");
 40AC  CC4316            ldd #L4
 40AF  16477E            jsr _printf
 40B2                    .dbline 31
 40B2            ;       printInBinaryWord(proximity);
 40B2  EC1D              ldd -3,x
 40B4  164259            jsr _printInBinaryWord
 40B7                    .dbline 32
 40B7            ;       printf("\n");
 40B7  CC4323            ldd #L3
 40BA  16477E            jsr _printf
 40BD                    .dbline 33
 40BD            ;       boolDetect=collision_detection(&speed,&proximity);
 40BD  191D              leay -3,x
 40BF  6D80              sty 0,sp
 40C1  191F              leay -1,x
 40C3  B7C6              xgdy
 40C5  1641B5            jsr _collision_detection
 40C8  6C1B              std -5,x
 40CA                    .dbline 34
 40CA            ;       printf("speed:  ");
 40CA  CC4325            ldd #L2
 40CD  16477E            jsr _printf
 40D0                    .dbline 35
 40D0            ;       printInBinaryByte(speed);
 40D0  E61F              ldab -1,x
 40D2  87                clra
 40D3  1642B5            jsr _printInBinaryByte
 40D6                    .dbline 36
 40D6            ;       printf("\n");
 40D6  CC4323            ldd #L3
 40D9  16477E            jsr _printf
 40DC                    .dbline 37
 40DC            ;       printf("proximity:  ");
 40DC  CC4316            ldd #L4
 40DF  16477E            jsr _printf
 40E2                    .dbline 38
 40E2            ;       printInBinaryWord(proximity);
 40E2  EC1D              ldd -3,x
 40E4  164259            jsr _printInBinaryWord
 40E7                    .dbline 39
 40E7            ;       printf("\n");
 40E7  CC4323            ldd #L3
 40EA  16477E            jsr _printf
 40ED                    .dbline 40
 40ED            ;       printf("\n");
 40ED  CC4323            ldd #L3
 40F0  16477E            jsr _printf
 40F3                    .dbline 42
 40F3            ; 
 40F3            ;       speed=0x30;
 40F3  C630              ldab #48
 40F5  6B1F              stab -1,x
 40F7                    .dbline 43
 40F7            ;       proximity=0x8327;
 40F7  CC8327            ldd #0x8327
 40FA  6C1D              std -3,x
 40FC                    .dbline 44
 40FC            ;       printf("speed:  ");
 40FC  CC4325            ldd #L2
 40FF  16477E            jsr _printf
 4102                    .dbline 45
 4102            ;       printInBinaryByte(speed);
 4102  E61F              ldab -1,x
 4104  87                clra
 4105  1642B5            jsr _printInBinaryByte
 4108                    .dbline 46
 4108            ;       printf("\n");
 4108  CC4323            ldd #L3
 410B  16477E            jsr _printf
 410E                    .dbline 47
 410E            ;       printf("proximity:  ");
 410E  CC4316            ldd #L4
 4111  16477E            jsr _printf
 4114                    .dbline 48
 4114            ;       printInBinaryWord(proximity);
 4114  EC1D              ldd -3,x
 4116  164259            jsr _printInBinaryWord
 4119                    .dbline 49
 4119            ;       printf("\n");
 4119  CC4323            ldd #L3
 411C  16477E            jsr _printf
 411F                    .dbline 50
 411F            ;       boolDetect=collision_detection(&speed,&proximity);
 411F  191D              leay -3,x
 4121  6D80              sty 0,sp
 4123  191F              leay -1,x
 4125  B7C6              xgdy
 4127  1641B5            jsr _collision_detection
 412A  6C1B              std -5,x
 412C                    .dbline 51
 412C            ;       printf("speed:  ");
 412C  CC4325            ldd #L2
 412F  16477E            jsr _printf
 4132                    .dbline 52
 4132            ;       printInBinaryByte(speed);
 4132  E61F              ldab -1,x
 4134  87                clra
 4135  1642B5            jsr _printInBinaryByte
 4138                    .dbline 53
 4138            ;       printf("\n");
 4138  CC4323            ldd #L3
 413B  16477E            jsr _printf
 413E                    .dbline 54
 413E            ;       printf("proximity:  ");
 413E  CC4316            ldd #L4
 4141  16477E            jsr _printf
 4144                    .dbline 55
 4144            ;       printInBinaryWord(proximity);
 4144  EC1D              ldd -3,x
 4146  164259            jsr _printInBinaryWord
 4149                    .dbline 56
 4149            ;       printf("\n");
 4149  CC4323            ldd #L3
 414C  16477E            jsr _printf
 414F                    .dbline 57
 414F            ;       printf("\n");
 414F  CC4323            ldd #L3
 4152  16477E            jsr _printf
 4155                    .dbline 59
 4155            ; 
 4155            ;       speed=0x30;
 4155  C630              ldab #48
 4157  6B1F              stab -1,x
 4159                    .dbline 60
 4159            ;       proximity=0x8323;
 4159  CC8323            ldd #0x8323
 415C  6C1D              std -3,x
 415E                    .dbline 61
 415E            ;       printf("speed:  ");
 415E  CC4325            ldd #L2
 4161  16477E            jsr _printf
 4164                    .dbline 62
 4164            ;       printInBinaryByte(speed);
 4164  E61F              ldab -1,x
 4166  87                clra
 4167  1642B5            jsr _printInBinaryByte
 416A                    .dbline 63
 416A            ;       printf("\n");
 416A  CC4323            ldd #L3
 416D  16477E            jsr _printf
 4170                    .dbline 64
 4170            ;       printf("proximity:  ");
 4170  CC4316            ldd #L4
 4173  16477E            jsr _printf
 4176                    .dbline 65
 4176            ;       printInBinaryWord(proximity);
 4176  EC1D              ldd -3,x
 4178  164259            jsr _printInBinaryWord
 417B                    .dbline 66
 417B            ;       printf("\n");
 417B  CC4323            ldd #L3
 417E  16477E            jsr _printf
 4181                    .dbline 67
 4181            ;       boolDetect=collision_detection(&speed,&proximity);
 4181  191D              leay -3,x
 4183  6D80              sty 0,sp
 4185  191F              leay -1,x
 4187  B7C6              xgdy
 4189  1641B5            jsr _collision_detection
 418C  6C1B              std -5,x
 418E                    .dbline 68
 418E            ;       printf("speed:  ");
 418E  CC4325            ldd #L2
 4191  16477E            jsr _printf
 4194                    .dbline 69
 4194            ;       printInBinaryByte(speed);
 4194  E61F              ldab -1,x
 4196  87                clra
 4197  1642B5            jsr _printInBinaryByte
 419A                    .dbline 70
 419A            ;       printf("\n");
 419A  CC4323            ldd #L3
 419D  16477E            jsr _printf
 41A0                    .dbline 71
 41A0            ;       printf("proximity:  ");
 41A0  CC4316            ldd #L4
 41A3  16477E            jsr _printf
 41A6                    .dbline 72
 41A6            ;       printInBinaryWord(proximity);
 41A6  EC1D              ldd -3,x
 41A8  164259            jsr _printInBinaryWord
 41AB                    .dbline 73
 41AB            ;       printf("\n");
 41AB  CC4323            ldd #L3
 41AE  16477E            jsr _printf
 41B1                    .dbline -2
 41B1                    .dbline 74
 41B1            ; }
 41B1            L1:
 41B1  B757              tfr x,s
 41B3  30                pulx
 41B4                    .dbline 0 ; func end
 41B4  3D                rts
 41B5                    .dbsym l boolDetect -5 I
 41B5                    .dbsym l proximity -3 i
 41B5                    .dbsym l speed -1 c
 41B5                    .dbend
 41B5                    .dbfunc e collision_detection _collision_detection fI
 41B5            ;           prox -> -4,x
 41B5            ;   objectDetect -> -2,x
 41B5            ;      proximity -> 6,x
 41B5            ;          speed -> 2,x
 41B5            _collision_detection::
 41B5  3B                pshd
 41B6  34                pshx
 41B7  B775              tfr s,x
 41B9  1B9C              leas -4,sp
 41BB                    .dbline -1
 41BB                    .dbline 77
 41BB            ; 
 41BB            ; int collision_detection (char *speed, unsigned int *proximity)
 41BB            ; {
 41BB                    .dbline 78
 41BB            ;       unsigned int prox=*proximity;
 41BB  ECE30006          ldd [6,x]
 41BF  6C1C              std -4,x
 41C1                    .dbline 79
 41C1            ;       unsigned int objectDetect=*proximity;
 41C1  ECE30006          ldd [6,x]
 41C5  6C1E              std -2,x
 41C7                    .dbline 80
 41C7            ;       objectDetect=objectDetect>>15;
 41C7  EC1E              ldd -2,x
 41C9  CD000F            ldy #15
 41CC  8D0000            cpy #0
 41CF  2704              beq X0
 41D1            X1:
 41D1  49                lsrd
 41D2  0436FC            dbne y,X1
 41D5            X0:
 41D5  6C1E              std -2,x
 41D7                    .dbline 81
 41D7            ;       if(objectDetect==1)
 41D7  EC1E              ldd -2,x
 41D9  8C0001            cpd #1
 41DC  18260066          lbne L6
 41E0                    .dbline 82
 41E0            ;       {
 41E0                    .dbline 83
 41E0            ;               prox = prox & 0x0007;
 41E0  0D1DF8            bclr -3,x,#0xf8
 41E3  0D1CFF            bclr -4,x,#0xff
 41E6                    .dbline 84
 41E6            ;               if(prox==0 || prox==4)
 41E6  EC1C              ldd -4,x
 41E8  2707              beq L10
 41EA  EC1C              ldd -4,x
 41EC  8C0004            cpd #4
 41EF  2617              bne L8
 41F1            L10:
 41F1                    .dbline 85
 41F1            ;               {
 41F1                    .dbline 86
 41F1            ;                       *proximity=*proximity | 0x0200;
 41F1  ED06              ldy 6,x
 41F3  35                pshy ; spill
 41F4  ED06              ldy 6,x
 41F6  31                puly ; reload
 41F7  0C4002            bset 0,y,#0x2
 41FA                    .dbline 87
 41FA            ;                       *proximity=*proximity & 0xFEFF;
 41FA  ED06              ldy 6,x
 41FC  35                pshy ; spill
 41FD  ED06              ldy 6,x
 41FF  31                puly ; reload
 4200  0D4001            bclr 0,y,#0x1
 4203                    .dbline 88
 4203            ;                       return 1;
 4203  CC0001            ldd #1
 4206  204B              bra L5
 4208            L8:
 4208                    .dbline 90
 4208            ;               }
 4208            ;               else if(prox==2 || prox==7)
 4208  EC1C              ldd -4,x
 420A  8C0002            cpd #2
 420D  2707              beq L13
 420F  EC1C              ldd -4,x
 4211  8C0007            cpd #7
 4214  2617              bne L11
 4216            L13:
 4216                    .dbline 91
 4216            ;               {
 4216                    .dbline 92
 4216            ;                       *proximity=*proximity | 0x0100;
 4216  ED06              ldy 6,x
 4218  35                pshy ; spill
 4219  ED06              ldy 6,x
 421B  31                puly ; reload
 421C  0C4001            bset 0,y,#0x1
 421F                    .dbline 93
 421F            ;                       *proximity=*proximity & 0xFDFF;
 421F  ED06              ldy 6,x
 4221  35                pshy ; spill
 4222  ED06              ldy 6,x
 4224  31                puly ; reload
 4225  0D4002            bclr 0,y,#0x2
 4228                    .dbline 94
 4228            ;                       return 1;
 4228  CC0001            ldd #1
 422B  2026              bra L5
 422D            L11:
 422D                    .dbline 96
 422D            ;               }
 422D            ;               else{
 422D                    .dbline 97
 422D            ;               *speed=*speed/8;
 422D  ED02              ldy 2,x
 422F  E640              ldab 0,y
 4231  87                clra
 4232  CD0008            ldy #8
 4235  B7D6              exg x,y
 4237  1815              idivs
 4239  B7D6              exg x,y
 423B  B7C6              xgdy
 423D  ED02              ldy 2,x
 423F  6B40              stab 0,y
 4241                    .dbline 99
 4241            ; 
 4241            ;               return 1;
 4241  CC0001            ldd #1
 4244  200D              bra L5
 4246            L6:
 4246                    .dbline 103
 4246            ;               }
 4246            ; 
 4246            ;       }
 4246            ;       else{
 4246                    .dbline 104
 4246            ;       *speed=*speed*2;
 4246  ED02              ldy 2,x
 4248  E640              ldab 0,y
 424A  87                clra
 424B  59                lsld
 424C  ED02              ldy 2,x
 424E  6B40              stab 0,y
 4250                    .dbline 105
 4250            ;       return 0;
 4250  CC0000            ldd #0
 4253                    .dbline -2
 4253            L5:
 4253  B757              tfr x,s
 4255  30                pulx
 4256  1B82              leas 2,sp
 4258                    .dbline 0 ; func end
 4258  3D                rts
 4259                    .dbsym l prox -4 i
 4259                    .dbsym l objectDetect -2 i
 4259                    .dbsym l proximity 6 pi
 4259                    .dbsym l speed 2 pc
 4259                    .dbend
 4259                    .dbfunc e printInBinaryWord _printInBinaryWord fV
 4259            ;       constant -> -8,x
 4259            ;           loop -> -6,x
 4259            ;           temp -> -4,x
 4259            ;     andCounter -> -2,x
 4259            ;       hexValue -> 2,x
 4259            _printInBinaryWord::
 4259  3B                pshd
 425A  34                pshx
 425B  B775              tfr s,x
 425D  1B98              leas -8,sp
 425F                    .dbline -1
 425F                    .dbline 109
 425F            ;       }
 425F            ; }
 425F            ; void printInBinaryWord(unsigned int hexValue)
 425F            ; {     
 425F                    .dbline 111
 425F            ; 
 425F            ;       int andCounter=32768;
 425F  CC8000            ldd #0x8000
 4262  6C1E              std -2,x
 4264                    .dbline 112
 4264            ;       int constant=hexValue;
 4264  EC02              ldd 2,x
 4266  6C18              std -8,x
 4268                    .dbline 113
 4268            ;       int temp=0;
 4268  CC0000            ldd #0
 426B  6C1C              std -4,x
 426D                    .dbline 114
 426D            ;       int loop=0;
 426D  CC0000            ldd #0
 4270  6C1A              std -6,x
 4272  2034              bra L16
 4274            L15:
 4274                    .dbline 116
 4274            ;       while (loop!=16)
 4274            ;       {
 4274                    .dbline 117
 4274            ;               temp=constant;
 4274  1802181C          movw -8,x,-4,x
 4278                    .dbline 118
 4278            ;               temp=temp & andCounter;
 4278  EC1C              ldd -4,x
 427A  A41E              anda -2,x
 427C  E41F              andb -1,x
 427E  6C1C              std -4,x
 4280                    .dbline 119
 4280            ;               if(temp==andCounter)
 4280  EC1C              ldd -4,x
 4282  AC1E              cpd -2,x
 4284  2608              bne L18
 4286                    .dbline 120
 4286            ;               {
 4286                    .dbline 121
 4286            ;                       printf("1");
 4286  CC4314            ldd #L20
 4289  16477E            jsr _printf
 428C                    .dbline 122
 428C            ;               }
 428C  2006              bra L19
 428E            L18:
 428E                    .dbline 124
 428E            ;               else
 428E            ;               {
 428E                    .dbline 125
 428E            ;                       printf("0");
 428E  CC4312            ldd #L21
 4291  16477E            jsr _printf
 4294                    .dbline 126
 4294            ;                       }
 4294            L19:
 4294                    .dbline 127
 4294  EC1A              ldd -6,x
 4296  C30001            addd #1
 4299  6C1A              std -6,x
 429B                    .dbline 128
 429B  EC1E              ldd -2,x
 429D  CD0002            ldy #2
 42A0  B7D6              exg x,y
 42A2  1815              idivs
 42A4  B7D6              exg x,y
 42A6  6D1E              sty -2,x
 42A8                    .dbline 129
 42A8            L16:
 42A8                    .dbline 115
 42A8  EC1A              ldd -6,x
 42AA  8C0010            cpd #16
 42AD  26C5              bne L15
 42AF                    .dbline -2
 42AF                    .dbline 131
 42AF            ;               loop++;
 42AF            ;               andCounter=andCounter/2;
 42AF            ;       }
 42AF            ; 
 42AF            ; }
 42AF            L14:
 42AF  B757              tfr x,s
 42B1  30                pulx
 42B2  1B82              leas 2,sp
 42B4                    .dbline 0 ; func end
 42B4  3D                rts
 42B5                    .dbsym l constant -8 I
 42B5                    .dbsym l loop -6 I
 42B5                    .dbsym l temp -4 I
 42B5                    .dbsym l andCounter -2 I
 42B5                    .dbsym l hexValue 2 i
 42B5                    .dbend
 42B5                    .dbfunc e printInBinaryByte _printInBinaryByte fV
 42B5            ;       constant -> -8,x
 42B5            ;           loop -> -6,x
 42B5            ;           temp -> -4,x
 42B5            ;     andCounter -> -2,x
 42B5            ;      ByteValue -> 3,x
 42B5            _printInBinaryByte::
 42B5  3B                pshd
 42B6  34                pshx
 42B7  B775              tfr s,x
 42B9  1B98              leas -8,sp
 42BB                    .dbline -1
 42BB                    .dbline 133
 42BB            ; void printInBinaryByte(char ByteValue)
 42BB            ; {     
 42BB                    .dbline 135
 42BB            ; 
 42BB            ;       int andCounter=128;
 42BB  CC0080            ldd #128
 42BE  6C1E              std -2,x
 42C0                    .dbline 136
 42C0            ;       int constant=ByteValue;
 42C0  E603              ldab 3,x
 42C2  87                clra
 42C3  6C18              std -8,x
 42C5                    .dbline 137
 42C5            ;       int temp=0;
 42C5  CC0000            ldd #0
 42C8  6C1C              std -4,x
 42CA                    .dbline 138
 42CA            ;       int loop=0;
 42CA  CC0000            ldd #0
 42CD  6C1A              std -6,x
 42CF  2034              bra L24
 42D1            L23:
 42D1                    .dbline 140
 42D1            ;       while (loop!=8)
 42D1            ;       {
 42D1                    .dbline 141
 42D1            ;               temp=constant;
 42D1  1802181C          movw -8,x,-4,x
 42D5                    .dbline 142
 42D5            ;               temp=temp & andCounter;
 42D5  EC1C              ldd -4,x
 42D7  A41E              anda -2,x
 42D9  E41F              andb -1,x
 42DB  6C1C              std -4,x
 42DD                    .dbline 143
 42DD            ;               if(temp==andCounter)
 42DD  EC1C              ldd -4,x
 42DF  AC1E              cpd -2,x
 42E1  2608              bne L26
 42E3                    .dbline 144
 42E3            ;               {
 42E3                    .dbline 145
 42E3            ;                       printf("1");
 42E3  CC4314            ldd #L20
 42E6  16477E            jsr _printf
 42E9                    .dbline 146
 42E9            ;               }
 42E9  2006              bra L27
 42EB            L26:
 42EB                    .dbline 148
 42EB            ;               else
 42EB            ;               {
 42EB                    .dbline 149
 42EB            ;                       printf("0");
 42EB  CC4312            ldd #L21
 42EE  16477E            jsr _printf
 42F1                    .dbline 150
 42F1            ;                       }
 42F1            L27:
 42F1                    .dbline 151
 42F1  EC1A              ldd -6,x
 42F3  C30001            addd #1
 42F6  6C1A              std -6,x
 42F8                    .dbline 152
 42F8  EC1E              ldd -2,x
 42FA  CD0002            ldy #2
 42FD  B7D6              exg x,y
 42FF  1815              idivs
 4301  B7D6              exg x,y
 4303  6D1E              sty -2,x
 4305                    .dbline 153
 4305            L24:
 4305                    .dbline 139
 4305  EC1A              ldd -6,x
 4307  8C0008            cpd #8
 430A  26C5              bne L23
 430C                    .dbline -2
 430C                    .dbline 155
 430C            ;               loop++;
 430C            ;               andCounter=andCounter/2;
 430C            ;       }
 430C            ; 
 430C            ; }
 430C            L22:
 430C  B757              tfr x,s
 430E  30                pulx
 430F  1B82              leas 2,sp
 4311                    .dbline 0 ; func end
 4311  3D                rts
 4312                    .dbsym l constant -8 I
 4312                    .dbsym l loop -6 I
 4312                    .dbsym l temp -4 I
 4312                    .dbsym l andCounter -2 I
 4312                    .dbsym l ByteValue 2 I
 4312                    .dbsym l ByteValue 3 c
 4312                    .dbend
 4312            L21:
 4312  3000              .byte 48,0
 4314            L20:
 4314  3100              .byte 49,0
 4316            L4:
 4316  70726F78696D6974793A202000        .byte 'p,'r,'o,'x,'i,'m,'i,'t,'y,58,32,32,0
 4323            L3:
 4323  0A00              .byte 10,0
 4325            L2:
 4325  73706565643A202000        .byte 's,'p,'e,'e,'d,58,32,32,0
